venv\Scripts\python : Creating test database for alias 'default'...
En línea: 1 Carácter: 1
+ venv\Scripts\python manage.py test gestion.tests.SaaSPlataformaTestCa ...
+ ~~~~~~~~~~~~~~~~~~~~~~~~~~~~~~~~~~~~~~~~~~~~~~~~~~~~~~~~~~~~~~~~~~~~~
    + CategoryInfo          : NotSpecified: (Creating test d...as 'default'...:String) [], RemoteException
    + FullyQualifiedErrorId : NativeCommandError
 

F
======================================================================
FAIL: test_mesa_detalle_sillas_range (gestion.tests.SaaSPlataformaTestCase.test_mesa_detalle_sillas_range)
Verifica que la vista de detalle de mesa calcula correctamente el rango de sillas dinßmicas.
----------------------------------------------------------------------
Traceback (most recent call last):
  File "C:\Plataforma SaaS de Gesti¾n TurÝstica\gestion\tests.py", line 62, in test_mesa_detalle_sillas_range
    self.assertContains(response, '<option value="6">Silla 6</option>')
    ~~~~~~~~~~~~~~~~~~~^^^^^^^^^^^^^^^^^^^^^^^^^^^^^^^^^^^^^^^^^^^^^^^^
AssertionError: False is not true : Couldn't find '<option value="6">Silla 6</option>' in the following response
b'<!DOCTYPE html>\n<html lang="es">\n<head>\n    <meta charset="UTF-8">\n    <meta name="viewport" 
content="width=device-width, initial-scale=1.0">\n    <title>Mesa 5 | TurismoERP</title>\n    \n    <!-- Bootstrap 5 
CSS (Local) -->\n    <link href="/static/css/bootstrap.min.css" rel="stylesheet">\n    <!-- Google Fonts (Fallback to 
system font if offline) -->\n    <link 
href="https://fonts.googleapis.com/css2?family=Inter:wght@300;400;500;600;700&display=swap" rel="stylesheet">\n    
<!-- Lucide Icons (Local) -->\n    <script src="/static/js/lucide.min.js"></script>\n    <style>\n        :root {\n    
        --sidebar-width: 260px;\n            --sidebar-bg: #1e1e2d;\n            --sidebar-hover: #2b2b40;\n           
 --primary-color: #009ef7;\n            --bg-body: #f5f8fa;\n        }\n\n        body {\n            font-family: 
\'Inter\', sans-serif;\n            background-color: var(--bg-body);\n            overflow-x: hidden;\n        }\n\n  
      #sidebar {\n            width: var(--sidebar-width);\n            height: 100vh;\n            position: fixed;\n 
           left: 0;\n            top: 0;\n            background-color: var(--sidebar-bg);\n            color: #fff;\n 
           transition: all 0.3s;\n            z-index: 1000;\n            overflow-y: auto;\n        }\n\n        /* 
Scrollbar del men\xc3\xba lateral */\n        #sidebar::-webkit-scrollbar {\n            width: 5px;\n        }\n      
  #sidebar::-webkit-scrollbar-thumb {\n            background: rgba(255,255,255,0.1);\n            border-radius: 
10px;\n        }\n        #sidebar:hover::-webkit-scrollbar-thumb {\n            background: rgba(255,255,255,0.2);\n  
      }\n\n        #sidebar .logo {\n            padding: 2rem 1.5rem;\n            font-size: 1.5rem;\n            
font-weight: 700;\n            color: var(--primary-color);\n            display: flex;\n            align-items: 
center;\n            gap: 10px;\n        }\n\n        #sidebar .nav-link {\n            color: #a2a3b7;\n            
padding: 0.75rem 1.5rem;\n            display: flex;\n            align-items: center;\n            gap: 12px;\n       
     font-weight: 500;\n            transition: all 0.2s;\n        }\n\n        #sidebar .nav-link:hover, #sidebar 
.nav-link.active {\n            color: #fff;\n            background-color: var(--sidebar-hover);\n        }\n\n       
 #sidebar .nav-link i {\n            width: 20px;\n        }\n\n        #main-content {\n            margin-left: 
var(--sidebar-width);\n            padding: 2rem;\n            transition: all 0.3s;\n        }\n\n        .navbar {\n 
           background: #fff;\n            border-bottom: 1px solid #ebedf3;\n            padding: 1rem 2rem;\n         
   margin-left: var(--sidebar-width);\n        }\n\n        .card {\n            border: none;\n            
border-radius: 12px;\n            box-shadow: 0 0 20px 0 rgba(76, 87, 125, 0.02);\n            max-width: 100% 
!important;\n            overflow: hidden !important;\n        }\n\n        .table-responsive {\n            width: 
100% !important;\n            overflow-x: auto !important;\n            -webkit-overflow-scrolling: touch 
!important;\n        }\n\n        .metric-card {\n            padding: 1.5rem;\n        }\n\n        .metric-card 
.icon {\n            width: 48px;\n            height: 48px;\n            border-radius: 12px;\n            display: 
flex;\n            align-items: center;\n            justify-content: center;\n            margin-bottom: 1rem;\n      
  }\n\n        .bg-light-primary { background-color: #e1f0ff; color: #009ef7; }\n        .bg-light-success { 
background-color: #c9f7f5; color: #50cd89; }\n        .bg-light-warning { background-color: #fff4de; color: #ff9900; 
}\n        .bg-light-danger { background-color: #ffeef3; color: #f1416c; }\n\n        @media (max-width: 992px) {\n    
        #sidebar { \n                left: -250px; \n                width: 250px;\n            }\n            
#main-content, .navbar { margin-left: 0; }\n            .navbar { padding: 0.75rem 1rem; }\n            #main-content 
{ padding: 1.25rem 1rem; }\n            #sidebar.show { left: 0; box-shadow: 5px 0 25px rgba(0, 0, 0, 0.15); }\n       
     .card { padding: 1rem !important; }\n        }\n\n        #sidebar-overlay {\n            position: fixed;\n      
      top: 0;\n            left: 0;\n            width: 100vw;\n            height: 100vh;\n            background: 
rgba(0, 0, 0, 0.45);\n            z-index: 999;\n            backdrop-filter: blur(2px);\n            opacity: 0;\n    
        visibility: hidden;\n            transition: all 0.3s ease;\n        }\n\n        #sidebar-overlay.show {\n    
        opacity: 1;\n            visibility: visible;\n        }\n\n        /* Optimizaciones Responsivas Globales 
para Computadoras Peque\xc3\xb1as y M\xc3\xb3viles */\n        .d-flex.justify-content-between.align-items-center.mb-4 
{\n            flex-wrap: wrap !important;\n            gap: 1rem !important;\n        }\n\n        @media (max-width: 
768px) {\n            .d-flex.justify-content-between.align-items-center.mb-4 {\n                flex-direction: 
column !important;\n                align-items: flex-start !important;\n                gap: 0.75rem !important;\n    
        }\n            .d-flex.justify-content-between.align-items-center.mb-4 > div,\n            
.d-flex.justify-content-between.align-items-center.mb-4 > .d-flex,\n            
.d-flex.justify-content-between.align-items-center.mb-4 > div.d-flex,\n            
.d-flex.justify-content-between.align-items-center.mb-4 > .d-flex.gap-2,\n            
.d-flex.justify-content-between.align-items-center.mb-4 > .d-flex.flex-wrap {\n                width: 100% 
!important;\n                flex-direction: column !important;\n                align-items: stretch !important;\n    
            gap: 0.5rem !important;\n            }\n            
.d-flex.justify-content-between.align-items-center.mb-4 > .d-flex > a,\n            
.d-flex.justify-content-between.align-items-center.mb-4 > .d-flex > button,\n            
.d-flex.justify-content-between.align-items-center.mb-4 > .d-flex > form,\n            
.d-flex.justify-content-between.align-items-center.mb-4 > div.d-flex > a,\n            
.d-flex.justify-content-between.align-items-center.mb-4 > div.d-flex > button,\n            
.d-flex.justify-content-between.align-items-center.mb-4 > div.d-flex > form {\n                width: 100% 
!important;\n                justify-content: center !important;\n            }\n            
.d-flex.justify-content-between.align-items-center.mb-4 > .d-flex > form > input,\n            
.d-flex.justify-content-between.align-items-center.mb-4 > div.d-flex > form > input {\n                max-width: none 
!important;\n                flex-grow: 1 !important;\n            }\n        }\n    </style>\n    
\n</head>\n<body>\n\n    <!-- Overlay para dispositivos m\xc3\xb3viles -->\n    <div id="sidebar-overlay"></div>\n\n   
 <aside id="sidebar" style="">\n        <div class="px-4 py-4 mb-2 position-relative">\n            <!-- Bot\xc3\xb3n 
de Cerrar para M\xc3\xb3viles -->\n            <button type="button" class="btn-close btn-close-white d-lg-none 
position-absolute" style="top: 15px; right: 15px; z-index: 1010;" id="close-sidebar" aria-label="Close"></button>\n    
        \n            <div class="logo mb-4 d-flex flex-column align-items-center text-center px-2 pt-3">\n            
    \n                    <i data-lucide="palmtree" class="mb-2" style="width: 40px; height: 40px; color: 
#009ef7;"></i>\n                \n                <span class="fs-5 fw-bold" style="color: 
var(--primary-color);">TurismoERP</span>\n            </div>\n            \n            <a 
href="/modulo/cambiar/?modulo=RESTAURANTE" class="btn btn-sm btn-light-warning w-100 d-flex align-items-center 
justify-content-center gap-2 py-2 fw-bold" style="background: rgba(255, 153, 0, 0.1); border: 1px solid rgba(255, 153, 
0, 0.2); color: #ff9900;">\n                <i data-lucide="utensils" style="width: 16px;"></i> Ir a Restaurante\n     
       </a>\n            \n        </div>\n        \n        <nav class="nav flex-column">\n            \n            
<!-- DASHBOARD -->\n            <a href="/" class="nav-link ">\n                <i data-lucide="layout-grid"></i> 
Dashboard\n            </a>\n            \n            <!-- USUARIOS -->\n            <a href="/usuarios/" 
class="nav-link"><i data-lucide="users"></i> Usuarios</a>\n            \n            <!-- CLIENTES -->\n            <a 
href="/clientes/" class="nav-link"><i data-lucide="user-check"></i> Clientes</a>\n            \n            <!-- 
PROVEEDORES -->\n            <a href="/proveedores/" class="nav-link"><i data-lucide="truck"></i> Proveedores</a>\n    
        \n            <!-- VENTAS -->\n            <a href="/ventas/" class="nav-link"><i 
data-lucide="shopping-cart"></i> Ventas</a>\n\n            <!-- SECCI\xc3\x93N ESPEC\xc3\x8dFICA -->\n            \n   
         <div class="px-4 pt-3 pb-1"><small class="text-muted fw-bold uppercase" style="font-size: 10px; 
letter-spacing: 1px;">Hoteler\xc3\xada</small></div>\n            <a href="/habitaciones/" class="nav-link"><i 
data-lucide="bed"></i> Habitaciones</a>\n            <a href="/reservas/" class="nav-link"><i data-lucide="key"></i> 
Recepci\xc3\xb3n</a>\n            <a href="/servicios/" class="nav-link"><i data-lucide="briefcase"></i> 
Servicios</a>\n            \n\n            <!-- BACKOFFICE COMPARTIDO -->\n            <div class="px-4 pt-3 
pb-1"><small class="text-muted fw-bold uppercase" style="font-size: 10px; letter-spacing: 
1px;">Administraci\xc3\xb3n</small></div>\n            <a href="/compras/" class="nav-link"><i 
data-lucide="shopping-bag"></i> Compras</a>\n            <a href="/inventario/" class="nav-link"><i 
data-lucide="package"></i> Inventario</a>\n            <a href="/facturacion/" class="nav-link"><i 
data-lucide="file-text"></i> Facturaci\xc3\xb3n</a>\n            <a href="/reportes/" class="nav-link"><i 
data-lucide="bar-chart-3"></i> Reportes</a>\n            <a href="/configuracion/" class="nav-link"><i 
data-lucide="settings"></i> Configuraci\xc3\xb3n</a>\n            \n            \n        </nav>\n    </aside>\n\n    
<main id="wrapper">\n        <nav class="navbar sticky-top">\n            <div class="container-fluid">\n              
  <button class="btn d-lg-none" id="toggle-sidebar">\n                    <i data-lucide="menu"></i>\n                
</button>\n                <div class="ms-auto d-flex align-items-center">\n                    <div 
class="dropdown">\n                        <a href="#" class="d-flex align-items-center text-decoration-none 
dropdown-toggle text-dark" data-bs-toggle="dropdown">\n                            <div class="me-2 text-end d-none 
d-md-block">\n                                <small class="d-block fw-bold text-muted">Usuario</small>\n              
                  <span>Admin User</span>\n                            </div>\n                            <img 
src="https://ui-avatars.com/api/?name=Admin User&background=009ef7&color=fff" class="rounded-circle" width="40">\n     
                   </a>\n                        <ul class="dropdown-menu dropdown-menu-end shadow border-0">\n        
                    <li><a class="dropdown-item" href="/perfil/"><i data-lucide="user" class="me-2"></i> Mi 
Perfil</a></li>\n                            \n                            <li><hr class="dropdown-divider"></li>\n    
                        <li>\n                                <form action="/logout/" method="post" class="px-3">\n    
                                <input type="hidden" name="csrfmiddlewaretoken" 
value="7ZDx5HOqwCT6bairkRgSr1JjO9Tu7yPQbM822oxjRl1DNBd2rNTBUGhgPYBsq0Ax">\n                                    <button 
type="submit" class="dropdown-item text-danger p-0 d-flex align-items-center">\n                                       
 <i data-lucide="log-out" class="me-2"></i> Salir\n                                    </button>\n                     
           </form>\n                            </li>\n                        </ul>\n                    </div>\n     
           </div>\n            </div>\n        </nav>\n\n        <section id="main-content">\n            \n\n         
   \n<div class="row g-4">\n    <!-- Comanda / Pedido de la Mesa -->\n    <div class="col-lg-7">\n        <div 
class="d-flex align-items-center gap-3 mb-4">\n            <a href="/restaurante/" class="btn btn-light-primary 
btn-sm">\n                <i data-lucide="arrow-left" style="width: 18px;"></i>\n            </a>\n            <h3 
class="fw-bold m-0">Comanda: Mesa 5</h3>\n            <span class="badge bg-success">DISPONIBLE</span>\n        
</div>\n\n        \n        <div class="card p-5 text-center border-dashed">\n            <i data-lucide="info" 
class="text-muted mb-3 mx-auto" style="width: 48px; height: 48px;"></i>\n            <h4>Mesa Disponible</h4>\n        
    <p class="text-muted">Para empezar a cargar consumos, debes abrir la mesa primero.</p>\n            <a 
href="/restaurante/mesa/abrir/1/" class="btn btn-primary mt-3">Abrir Mesa Ahora</a>\n        </div>\n        \n    
</div>\n\n    <!-- Men\xc3\xba para seleccionar -->\n    <div class="col-lg-5">\n        <div class="card border-0 
shadow-sm p-4 sticky-top" style="top: 100px;">\n            <h5 class="fw-bold mb-4 d-flex align-items-center 
gap-2">\n                <i data-lucide="utensils-crossings" class="text-primary"></i> Men\xc3\xba / Carta\n           
 </h5>\n            \n            <!-- Buscador r\xc3\xa1pido -->\n            <div class="input-group mb-4">\n        
        <span class="input-group-text bg-white border-end-0"><i data-lucide="search" style="width: 
18px;"></i></span>\n                <input type="text" id="searchMenu" class="form-control border-start-0" 
placeholder="Buscar plato o bebida...">\n            </div>\n\n            <div class="list-group list-group-flush 
overflow-auto" style="max-height: 60vh;">\n                \n                <p class="text-muted text-center py-3 
small">No hay productos disponibles en el men\xc3\xba.</p>\n                \n            </div>\n        </div>\n    
</div>\n</div>\n\n        </section>\n    </main>\n\n    <!-- Bootstrap 5 JS (Local para compatibilidad offline al 
100%) -->\n    <script src="/static/js/bootstrap.bundle.min.js"></script>\n    <script>\n        // Persistencia del 
scroll del sidebar\n        document.addEventListener("DOMContentLoaded", function() {\n            const sidebar = 
document.getElementById("sidebar");\n            const scrollPos = localStorage.getItem("sidebarScrollPos");\n         
   if (scrollPos && sidebar) {\n                sidebar.scrollTop = scrollPos;\n            }\n        });\n\n        
window.onbeforeunload = function() {\n            const sidebar = document.getElementById("sidebar");\n            if 
(sidebar) {\n                localStorage.setItem("sidebarScrollPos", sidebar.scrollTop);\n            }\n        
};\n\n        // Initialize Lucide Icons\n        lucide.createIcons();\n\n        // Controles premium para el 
Sidebar M\xc3\xb3vil\n        const toggleBtn = document.getElementById(\'toggle-sidebar\');\n        const closeBtn = 
document.getElementById(\'close-sidebar\');\n        const sidebar = document.getElementById(\'sidebar\');\n        
const overlay = document.getElementById(\'sidebar-overlay\');\n\n        function openSidebar() {\n            if 
(sidebar && overlay) {\n                sidebar.classList.add(\'show\');\n                
overlay.classList.add(\'show\');\n            }\n        }\n\n        function closeSidebar() {\n            if 
(sidebar && overlay) {\n                sidebar.classList.remove(\'show\');\n                
overlay.classList.remove(\'show\');\n            }\n        }\n\n        if (toggleBtn) {\n            
toggleBtn.addEventListener(\'click\', openSidebar);\n        }\n        if (closeBtn) {\n            
closeBtn.addEventListener(\'click\', closeSidebar);\n        }\n        if (overlay) {\n            
overlay.addEventListener(\'click\', closeSidebar);\n        }\n    </script>\n    \n<script>\n    // Buscador en 
tiempo real de productos\n    document.getElementById(\'searchMenu\').addEventListener(\'keyup\', function() {\n       
 let value = this.value.toLowerCase();\n        document.querySelectorAll(\'.menu-item\').forEach(function(item) {\n   
         let name = item.querySelector(\'.item-name\').textContent.toLowerCase();\n            if 
(name.includes(value)) {\n                item.style.display = \'flex\';\n                // Reset Lucide icons within 
search matches to ensure rendering if hidden before\n                lucide.createIcons();\n            } else {\n     
           item.style.display = \'none\';\n            }\n        });\n    });\n</script>\n\n</body>\n</html>\n'

----------------------------------------------------------------------
Ran 1 test in 0.903s

FAILED (failures=1)
Destroying test database for alias 'default'...

Found 1 test(s).
System check identified no issues (0 silenced).
